\BOOKMARK [1][-]{section.1}{\376\377\000A\000b\000s\000t\000r\000a\000c\000t}{}% 1
\BOOKMARK [1][-]{section.2}{\376\377\000I\000n\000t\000r\000o\000d\000u\000c\000t\000i\000o\000n}{}% 2
\BOOKMARK [1][-]{section.3}{\376\377\000B\000a\000c\000k\000g\000r\000o\000u\000n\000d}{}% 3
\BOOKMARK [1][-]{section.4}{\376\377\000T\000r\000a\000f\000f\000i\000c\000\040\000D\000y\000n\000a\000m\000i\000c\000s\000\040\000M\000o\000d\000e\000l\000s}{}% 4
\BOOKMARK [2][-]{subsection.4.1}{\376\377\000B\000u\000s\000\040\000D\000e\000l\000a\000y\000\040\000\050\000L\000W\000R\000\040\000K\000i\000n\000e\000m\000a\000t\000i\000c\000\040\000W\000a\000v\000e\000\040\000M\000o\000d\000e\000l\000\051}{section.4}% 5
\BOOKMARK [2][-]{subsection.4.2}{\376\377\000C\000r\000o\000s\000s\000-\000T\000r\000a\000f\000f\000i\000c\000\040\000D\000e\000l\000a\000y\000\040\000\050\000D\000e\000t\000e\000r\000m\000i\000n\000i\000s\000t\000i\000c\000\040\000D\000/\000D\000/\0001\000\040\000S\000h\000o\000c\000k\000w\000a\000v\000e\000\040\000M\000o\000d\000e\000l\000\051}{section.4}% 6
\BOOKMARK [2][-]{subsection.4.3}{\376\377\000M\000o\000v\000i\000n\000g\000-\000B\000o\000t\000t\000l\000e\000n\000e\000c\000k\000\040\000E\000f\000f\000e\000c\000t}{section.4}% 7
\BOOKMARK [1][-]{section.5}{\376\377\000T\000S\000P\000\040\000A\000c\000t\000i\000o\000n\000\040\000S\000p\000a\000c\000e}{}% 8
\BOOKMARK [2][-]{subsection.5.1}{\376\377\000V\000a\000r\000i\000a\000b\000l\000e\000\040\000P\000h\000a\000s\000e\000\040\000A\000c\000t\000i\000o\000n\000\040\000a\000n\000d\000\040\000P\000h\000a\000s\000e\000\040\000S\000k\000i\000p\000p\000i\000n\000g}{section.5}% 9
\BOOKMARK [2][-]{subsection.5.2}{\376\377\000P\000h\000a\000s\000e\000\040\000R\000o\000t\000a\000t\000i\000o\000n}{section.5}% 10
\BOOKMARK [2][-]{subsection.5.3}{\376\377\000K\000e\000y\000\040\000N\000o\000t\000a\000t\000i\000o\000n}{section.5}% 11
\BOOKMARK [1][-]{section.6}{\376\377\000M\000a\000t\000h\000e\000m\000a\000t\000i\000c\000a\000l\000\040\000P\000r\000o\000g\000r\000a\000m\000\040\000F\000o\000r\000m\000u\000l\000a\000t\000i\000o\000n\000\040\000\050\000M\000I\000L\000P\000\051}{}% 12
\BOOKMARK [2][-]{subsection.6.1}{\376\377\000S\000e\000t\000s\000\040\000a\000n\000d\000\040\000I\000n\000d\000i\000c\000e\000s}{section.6}% 13
\BOOKMARK [2][-]{subsection.6.2}{\376\377\000P\000a\000r\000a\000m\000e\000t\000e\000r\000s}{section.6}% 14
\BOOKMARK [2][-]{subsection.6.3}{\376\377\000D\000e\000c\000i\000s\000i\000o\000n\000\040\000V\000a\000r\000i\000a\000b\000l\000e\000s}{section.6}% 15
\BOOKMARK [2][-]{subsection.6.4}{\376\377\000O\000b\000j\000e\000c\000t\000i\000v\000e\000\040\000F\000u\000n\000c\000t\000i\000o\000n}{section.6}% 16
\BOOKMARK [3][-]{subsubsection.6.4.1}{\376\377\000P\000r\000i\000m\000a\000r\000y\000:\000\040\000W\000e\000i\000g\000h\000t\000e\000d\000\040\000P\000a\000s\000s\000e\000n\000g\000e\000r\000\040\000D\000e\000l\000a\000y\000\040\000\050\000Z\0001\000\051}{subsection.6.4}% 17
\BOOKMARK [3][-]{subsubsection.6.4.2}{\376\377\000S\000e\000c\000o\000n\000d\000a\000r\000y\000:\000\040\000F\000l\000o\000w\000-\000W\000e\000i\000g\000h\000t\000e\000d\000\040\000B\000a\000n\000d\000w\000i\000d\000t\000h\000\040\000\050\000Z\0002\000\051}{subsection.6.4}% 18
\BOOKMARK [3][-]{subsubsection.6.4.3}{\376\377\000T\000e\000r\000t\000i\000a\000r\000y\000:\000\040\000B\000u\000s\000\040\000L\000a\000t\000e\000n\000e\000s\000s\000\040\000\050\000Z\0003\000\051}{subsection.6.4}% 19
\BOOKMARK [3][-]{subsubsection.6.4.4}{\376\377\000Q\000u\000a\000t\000e\000r\000n\000a\000r\000y\000:\000\040\000T\000o\000t\000a\000l\000\040\000C\000o\000r\000r\000i\000d\000o\000r\000\040\000T\000r\000a\000v\000e\000l\000\040\000T\000i\000m\000e\000\040\000\050\000Z\0004\000\051}{subsection.6.4}% 20
\BOOKMARK [3][-]{subsubsection.6.4.5}{\376\377\000P\000a\000r\000e\000t\000o\000\040\000F\000o\000r\000m\000u\000l\000a\000t\000i\000o\000n\000\040\000w\000i\000t\000h\000\040\000T\000h\000r\000o\000u\000g\000h\000p\000u\000t\000\040\000C\000o\000n\000s\000t\000r\000a\000i\000n\000t}{subsection.6.4}% 21
\BOOKMARK [2][-]{subsection.6.5}{\376\377\000P\000i\000e\000c\000e\000w\000i\000s\000e\000-\000L\000i\000n\000e\000a\000r\000\040\000A\000p\000p\000r\000o\000x\000i\000m\000a\000t\000i\000o\000n\000\040\000o\000f\000\040\000C\000o\000n\000v\000e\000x\000\040\000D\000e\000l\000a\000y\000\040\000F\000u\000n\000c\000t\000i\000o\000n\000s}{section.6}% 22
\BOOKMARK [2][-]{subsection.6.6}{\376\377\000C\000o\000n\000s\000t\000r\000a\000i\000n\000t\000s}{section.6}% 23
\BOOKMARK [3][-]{subsubsection.6.6.1}{\376\377\000A\000c\000t\000i\000o\000n\000\040\000E\000x\000c\000l\000u\000s\000i\000v\000i\000t\000y\000,\000\040\000D\000u\000r\000a\000t\000i\000o\000n\000,\000\040\000a\000n\000d\000\040\000C\000o\000n\000t\000i\000g\000u\000i\000t\000y}{subsection.6.6}% 24
\BOOKMARK [3][-]{subsubsection.6.6.2}{\376\377\000R\000e\000a\000l\000i\000s\000e\000d\000\040\000G\000r\000e\000e\000n\000\040\000T\000i\000m\000e}{subsection.6.6}% 25
\BOOKMARK [3][-]{subsubsection.6.6.3}{\376\377\000G\000r\000e\000e\000n\000\040\000a\000n\000d\000\040\000C\000y\000c\000l\000e\000\040\000B\000o\000u\000n\000d\000s}{subsection.6.6}% 26
\BOOKMARK [3][-]{subsubsection.6.6.4}{\376\377\000A\000c\000t\000i\000o\000n\000-\000S\000p\000e\000c\000i\000f\000i\000c\000\040\000C\000o\000n\000s\000t\000r\000a\000i\000n\000t\000s}{subsection.6.6}% 27
\BOOKMARK [3][-]{subsubsection.6.6.5}{\376\377\000D\000e\000l\000a\000y\000\040\000L\000i\000n\000e\000a\000r\000i\000s\000a\000t\000i\000o\000n}{subsection.6.6}% 28
\BOOKMARK [3][-]{subsubsection.6.6.6}{\376\377\000C\000o\000r\000r\000i\000d\000o\000r\000\040\000C\000o\000o\000r\000d\000i\000n\000a\000t\000i\000o\000n}{subsection.6.6}% 29
\BOOKMARK [3][-]{subsubsection.6.6.7}{\376\377\000L\000a\000t\000e\000n\000e\000s\000s\000\040\000S\000t\000a\000t\000e\000\040\000P\000r\000o\000p\000a\000g\000a\000t\000i\000o\000n}{subsection.6.6}% 30
\BOOKMARK [3][-]{subsubsection.6.6.8}{\376\377\000O\000p\000e\000r\000a\000t\000i\000o\000n\000a\000l\000\040\000G\000a\000t\000e\000s}{subsection.6.6}% 31
\BOOKMARK [3][-]{subsubsection.6.6.9}{\376\377\000L\000a\000t\000e\000n\000e\000s\000s\000\040\000T\000a\000k\000e\000o\000v\000e\000r}{subsection.6.6}% 32
\BOOKMARK [1][-]{section.7}{\376\377\000S\000o\000l\000u\000t\000i\000o\000n\000\040\000M\000e\000t\000h\000o\000d\000s}{}% 33
\BOOKMARK [2][-]{subsection.7.1}{\376\377\000M\000e\000t\000h\000o\000d\000\040\0000\000:\000\040\000C\000e\000n\000t\000r\000a\000l\000i\000s\000e\000d\000\040\000P\000e\000r\000-\000S\000e\000c\000o\000n\000d\000\040\000P\000h\000a\000s\000e\000\040\000C\000o\000n\000t\000r\000o\000l\000l\000e\000r}{section.7}% 34
\BOOKMARK [2][-]{subsection.7.2}{\376\377\000M\000e\000t\000h\000o\000d\000\040\000I\000:\000\040\000T\000a\000b\000u\000l\000a\000r\000\040\000Q\000-\000L\000e\000a\000r\000n\000i\000n\000g\000\040\000\050\000C\000P\000D\000-\000Q\000L\000\051}{section.7}% 35
\BOOKMARK [2][-]{subsection.7.3}{\376\377\000M\000e\000t\000h\000o\000d\000\040\000I\000I\000:\000\040\000H\000a\000r\000m\000o\000n\000y\000\040\000S\000e\000a\000r\000c\000h\000\040\000w\000i\000t\000h\000\040\000L\000W\000R\000,\000\040\000\050\000H\000S\000L\000W\000R\000\051}{section.7}% 36
\BOOKMARK [3][-]{subsubsection.7.3.1}{\376\377\000S\000h\000o\000c\000k\000w\000a\000v\000e\000\040\000P\000r\000o\000f\000i\000l\000e\000\040\000R\000e\000c\000o\000n\000s\000t\000r\000u\000c\000t\000i\000o\000n\000\040\000f\000r\000o\000m\000\040\000S\000i\000m\000u\000l\000a\000t\000i\000o\000n\000\040\000D\000a\000t\000a}{subsection.7.3}% 37
\BOOKMARK [2][-]{subsection.7.4}{\376\377\000M\000e\000t\000h\000o\000d\000\040\000I\000I\000I\000:\000E\000x\000h\000a\000u\000s\000t\000i\000v\000e\000\040\000G\000r\000i\000d\000\040\000S\000e\000a\000r\000c\000h\000\040\000\050\000C\000T\000M\000G\000S\000\051}{section.7}% 38
\BOOKMARK [2][-]{subsection.7.5}{\376\377\000M\000e\000t\000h\000o\000d\000\040\000I\000V\000:\000\040\000C\000T\000M\000\040\000Q\000-\000L\000e\000a\000r\000n\000i\000n\000g\000\040\000\050\000C\000e\000l\000l\000Q\000L\000e\000a\000r\000n\000\051}{section.7}% 39
\BOOKMARK [2][-]{subsection.7.6}{\376\377\000M\000e\000t\000h\000o\000d\000\040\000V\000:\000\040\000N\000a\000s\000h\000\040\000B\000a\000r\000g\000a\000i\000n\000i\000n\000g\000\040\000w\000i\000t\000h\000\040\000H\000a\000r\000m\000o\000n\000y\000\040\000S\000e\000a\000r\000c\000h\000\040\000\050\000N\000a\000s\000h\000H\000S\000\051}{section.7}% 40
\BOOKMARK [3][-]{subsubsection.7.6.1}{\376\377\000C\000o\000r\000r\000i\000d\000o\000r\000-\000L\000e\000v\000e\000l\000\040\000C\000o\000o\000p\000e\000r\000a\000t\000i\000v\000e\000\040\000B\000a\000r\000g\000a\000i\000n\000i\000n\000g\000\040\000G\000a\000m\000e}{subsection.7.6}% 41
\BOOKMARK [3][-]{subsubsection.7.6.2}{\376\377\000B\000a\000r\000g\000a\000i\000n\000i\000n\000g\000\040\000C\000o\000n\000s\000t\000r\000a\000i\000n\000t\000s}{subsection.7.6}% 42
\BOOKMARK [3][-]{subsubsection.7.6.3}{\376\377\000C\000o\000r\000r\000i\000d\000o\000r\000\040\000N\000a\000s\000h\000\040\000P\000r\000o\000d\000u\000c\000t\000\040\000O\000b\000j\000e\000c\000t\000i\000v\000e}{subsection.7.6}% 43
\BOOKMARK [3][-]{subsubsection.7.6.4}{\376\377\000H\000a\000r\000m\000o\000n\000y\000\040\000S\000e\000a\000r\000c\000h\000\040\000I\000m\000p\000r\000o\000v\000i\000s\000a\000t\000i\000o\000n}{subsection.7.6}% 44
\BOOKMARK [3][-]{subsubsection.7.6.5}{\376\377\000G\000r\000e\000e\000n\000\040\000R\000e\000a\000l\000l\000o\000c\000a\000t\000i\000o\000n\000\040\000\050\000G\000R\000\051\000\040\040\024\000\040\000Z\000e\000r\000o\000-\000C\000y\000c\000l\000e\000-\000C\000o\000s\000t\000\040\000T\000S\000P}{subsection.7.6}% 45
\BOOKMARK [1][-]{section.8}{\376\377\000C\000o\000m\000p\000a\000r\000a\000t\000i\000v\000e\000\040\000A\000n\000a\000l\000y\000s\000i\000s}{}% 46
\BOOKMARK [1][-]{section.9}{\376\377\000E\000x\000p\000e\000r\000i\000m\000e\000n\000t\000a\000l\000\040\000S\000e\000t\000u\000p}{}% 47
\BOOKMARK [2][-]{subsection.9.1}{\376\377\000K\000e\000l\000v\000i\000n\000\040\000G\000r\000o\000v\000e\000\040\000C\000o\000r\000r\000i\000d\000o\000r}{section.9}% 48
\BOOKMARK [2][-]{subsection.9.2}{\376\377\000B\000a\000t\000c\000h\000\040\000E\000x\000p\000e\000r\000i\000m\000e\000n\000t\000\040\000D\000e\000s\000i\000g\000n}{section.9}% 49
\BOOKMARK [2][-]{subsection.9.3}{\376\377\000P\000e\000r\000f\000o\000r\000m\000a\000n\000c\000e\000\040\000M\000e\000t\000r\000i\000c\000s}{section.9}% 50
\BOOKMARK [1][-]{section.10}{\376\377\000R\000e\000s\000u\000l\000t\000s}{}% 51
\BOOKMARK [2][-]{subsection.10.1}{\376\377\000S\000t\000r\000a\000t\000e\000g\000y\000\040\000P\000e\000r\000f\000o\000r\000m\000a\000n\000c\000e\000\040\040\024\000\040\000K\000e\000l\000v\000i\000n\000\040\000G\000r\000o\000v\000e}{section.10}% 52
\BOOKMARK [2][-]{subsection.10.2}{\376\377\000S\000t\000r\000a\000t\000e\000g\000y\000\040\000P\000e\000r\000f\000o\000r\000m\000a\000n\000c\000e\000\040\040\024\000\040\000L\000o\000g\000a\000n\000\040\000R\000o\000a\000d}{section.10}% 53
\BOOKMARK [1][-]{section.11}{\376\377\000D\000i\000s\000c\000u\000s\000s\000i\000o\000n}{}% 54
\BOOKMARK [1][-]{section.12}{\376\377\000C\000o\000n\000c\000l\000u\000s\000i\000o\000n\000s\000\040\000a\000n\000d\000\040\000R\000e\000c\000o\000m\000m\000e\000n\000d\000a\000t\000i\000o\000n\000s}{}% 55
